Release 7.1.04i - xst H.42
Copyright (c) 1995-2005 Xilinx, Inc.  All rights reserved.
--> Parameter TMPDIR set to __projnav
CPU : 0.00 / 0.33 s | Elapsed : 0.00 / 1.00 s
 
--> Parameter xsthdpdir set to ./xst
CPU : 0.00 / 0.33 s | Elapsed : 0.00 / 1.00 s
 
--> Reading design: updater.prj

TABLE OF CONTENTS
  1) Synthesis Options Summary
  2) HDL Compilation
  3) HDL Analysis
  4) HDL Synthesis
  5) Advanced HDL Synthesis
     5.1) HDL Synthesis Report
  6) Low Level Synthesis
  7) Final Report
     7.1) Device utilization summary
     7.2) TIMING REPORT


=========================================================================
*                      Synthesis Options Summary                        *
=========================================================================
---- Source Parameters
Input File Name                    : "updater.prj"
Input Format                       : mixed
Ignore Synthesis Constraint File   : NO

---- Target Parameters
Output File Name                   : "updater"
Output Format                      : NGC
Target Device                      : xc2v250-6-cs144

---- Source Options
Top Module Name                    : updater
Automatic FSM Extraction           : YES
FSM Encoding Algorithm             : Auto
FSM Style                          : lut
RAM Extraction                     : Yes
RAM Style                          : Auto
ROM Extraction                     : Yes
ROM Style                          : Auto
Mux Extraction                     : YES
Mux Style                          : Auto
Decoder Extraction                 : YES
Priority Encoder Extraction        : YES
Shift Register Extraction          : YES
Logical Shifter Extraction         : YES
XOR Collapsing                     : YES
Resource Sharing                   : YES
Multiplier Style                   : auto
Automatic Register Balancing       : No

---- Target Options
Add IO Buffers                     : YES
Global Maximum Fanout              : 500
Add Generic Clock Buffer(BUFG)     : 16
Register Duplication               : YES
Equivalent register Removal        : YES
Slice Packing                      : YES
Pack IO Registers into IOBs        : auto

---- General Options
Optimization Goal                  : Speed
Optimization Effort                : 1
Keep Hierarchy                     : NO
Global Optimization                : AllClockNets
RTL Output                         : Yes
Write Timing Constraints           : NO
Hierarchy Separator                : _
Bus Delimiter                      : <>
Case Specifier                     : maintain
Slice Utilization Ratio            : 100
Slice Utilization Ratio Delta      : 5

---- Other Options
lso                                : updater.lso
Read Cores                         : YES
cross_clock_analysis               : NO
verilog2001                        : YES
safe_implementation                : No
Optimize Instantiated Primitives   : NO
tristate2logic                     : Yes
use_clock_enable                   : Yes
use_sync_set                       : Yes
use_sync_reset                     : Yes
enable_auto_floorplanning          : No

=========================================================================


=========================================================================
*                          HDL Compilation                              *
=========================================================================
Compiling vhdl file "C:/Xilinx/bin/ArithmeticDecoder/../ArithmeticCoder/UPDATER.vhd" in Library work.
Architecture rtl of Entity updater is up to date.

=========================================================================
*                            HDL Analysis                               *
=========================================================================
Analyzing Entity <updater> (Architecture <rtl>).
Entity <updater> analyzed. Unit <updater> generated.


=========================================================================
*                           HDL Synthesis                               *
=========================================================================

Synthesizing Unit <updater>.
    Related source file is "C:/Xilinx/bin/ArithmeticDecoder/../ArithmeticCoder/UPDATER.vhd".
WARNING:Xst:1780 - Signal <HALVING_ALLOWED> is never used or assigned.
    Found 10-bit 4-to-1 multiplexer for signal <NUMERATOR_OUT>.
    Found 10-bit 4-to-1 multiplexer for signal <DENOMINATOR_OUT>.
    Found 1-bit register for signal <UPDATE>.
    Found 10-bit adder for signal <$n0009> created at line 51.
    Found 10-bit adder for signal <$n0011> created at line 73.
    Found 10-bit adder for signal <$n0012> created at line 84.
    Found 10-bit adder for signal <$n0013> created at line 62.
    Found 10-bit register for signal <DENOMINATOR2>.
    Found 10-bit register for signal <NUMERATOR1>.
    Found 10-bit register for signal <NUMERATOR2>.
    Found 10-bit register for signal <NUMERATOR3>.
    Found 10-bit register for signal <NUMERATOR4>.
    Found 1-bit xor2 for signal <UPDATE_SWITCH>.
    Summary:
	inferred   1 D-type flip-flop(s).
	inferred   4 Adder/Subtractor(s).
	inferred  20 Multiplexer(s).
Unit <updater> synthesized.


=========================================================================
*                       Advanced HDL Synthesis                          *
=========================================================================

Advanced RAM inference ...
Advanced multiplier inference ...
Advanced Registered AddSub inference ...
Dynamic shift register inference ...

=========================================================================
HDL Synthesis Report

Macro Statistics
# Adders/Subtractors               : 4
 10-bit adder                      : 4
# Registers                        : 6
 1-bit register                    : 1
 10-bit register                   : 5
# Multiplexers                     : 2
 10-bit 4-to-1 multiplexer         : 2
# Xors                             : 1
 1-bit xor2                        : 1

=========================================================================

=========================================================================
*                         Low Level Synthesis                           *
=========================================================================

Optimizing unit <updater> ...
Loading device for application Rf_Device from file '2v250.nph' in environment C:/Xilinx.

Mapping all equations...
Building and optimizing final netlist ...
Found area constraint ratio of 100 (+ 5) on block updater, actual ratio is 2.

=========================================================================
*                            Final Report                               *
=========================================================================
Final Results
RTL Top Level Output File Name     : updater.ngr
Top Level Output File Name         : updater
Output Format                      : NGC
Optimization Goal                  : Speed
Keep Hierarchy                     : NO

Design Statistics
# IOs                              : 45

Macro Statistics :
# Registers                        : 51
#      1-bit register              : 51
# Multiplexers                     : 2
#      10-bit 4-to-1 multiplexer   : 2
# Adders/Subtractors               : 4
#      10-bit adder                : 4

Cell Usage :
# BELS                             : 155
#      GND                         : 1
#      INV                         : 3
#      LUT1                        : 35
#      LUT2                        : 9
#      LUT3                        : 20
#      LUT4                        : 5
#      MUXCY                       : 36
#      MUXF5                       : 10
#      VCC                         : 1
#      XORCY                       : 35
# FlipFlops/Latches                : 51
#      FDR                         : 46
#      FDS                         : 5
# Clock Buffers                    : 1
#      BUFGP                       : 1
# IO Buffers                       : 44
#      IBUF                        : 23
#      OBUF                        : 21
=========================================================================

Device utilization summary:
---------------------------

Selected Device : 2v250cs144-6 

 Number of Slices:                      40  out of   1536     2%  
 Number of Slice Flip Flops:            51  out of   3072     1%  
 Number of 4 input LUTs:                69  out of   3072     2%  
 Number of bonded IOBs:                 45  out of     92    48%  
 Number of GCLKs:                        1  out of     16     6%  


=========================================================================
TIMING REPORT

NOTE: THESE TIMING NUMBERS ARE ONLY A SYNTHESIS ESTIMATE.
      FOR ACCURATE TIMING INFORMATION PLEASE REFER TO THE TRACE REPORT
      GENERATED AFTER PLACE-and-ROUTE.

Clock Information:
------------------
-----------------------------------+------------------------+-------+
Clock Signal                       | Clock buffer(FF name)  | Load  |
-----------------------------------+------------------------+-------+
CLOCK                              | BUFGP                  | 51    |
-----------------------------------+------------------------+-------+

Timing Summary:
---------------
Speed Grade: -6

   Minimum period: No path found
   Minimum input arrival time before clock: 5.514ns
   Maximum output required time after clock: 5.814ns
   Maximum combinational path delay: 8.733ns

Timing Detail:
--------------
All values displayed in nanoseconds (ns)

=========================================================================
Timing constraint: Default OFFSET IN BEFORE for Clock 'CLOCK'
  Total number of paths / destination ports: 464 / 102
-------------------------------------------------------------------------
Offset:              5.514ns (Levels of Logic = 13)
  Source:            NUMERATOR<2> (PAD)
  Destination:       NUMERATOR4_9 (FF)
  Destination Clock: CLOCK rising

  Data Path: NUMERATOR<2> to NUMERATOR4_9
                                Gate     Net
    Cell:in->out      fanout   Delay   Delay  Logical Name (Net Name)
    ----------------------------------------  ------------
     IBUF:I->O             3   0.653   0.760  NUMERATOR_2_IBUF (NUMERATOR_2_IBUF)
     LUT1:I0->O            1   0.347   0.000  NUMERATOR_2_IBUF_rt1 (NUMERATOR_2_IBUF_rt1)
     MUXCY:S->O            1   0.235   0.000  updater__n0013<1>cy (updater__n0013<1>_cyo)
     MUXCY:CI->O           1   0.042   0.000  updater__n0013<2>cy (updater__n0013<2>_cyo)
     MUXCY:CI->O           1   0.042   0.000  updater__n0013<3>cy (updater__n0013<3>_cyo)
     MUXCY:CI->O           1   0.042   0.000  updater__n0013<4>cy (updater__n0013<4>_cyo)
     MUXCY:CI->O           1   0.042   0.000  updater__n0013<5>cy (updater__n0013<5>_cyo)
     MUXCY:CI->O           1   0.042   0.000  updater__n0013<6>cy (updater__n0013<6>_cyo)
     MUXCY:CI->O           1   0.042   0.000  updater__n0013<7>cy (updater__n0013<7>_cyo)
     XORCY:CI->O           2   0.824   0.744  updater__n0013<8>_xor (_n0013<8>)
     LUT1:I0->O            1   0.347   0.000  _n0013<8>_rt (_n0013<8>_rt)
     MUXCY:S->O            0   0.235   0.000  updater__n0011<8>cy (updater__n0011<8>_cyo)
     XORCY:CI->O           1   0.824   0.000  updater__n0011<9>_xor (_n0011<9>)
     FDR:D                     0.293          NUMERATOR4_9
    ----------------------------------------
    Total                      5.514ns (4.010ns logic, 1.504ns route)
                                       (72.7% logic, 27.3% route)

=========================================================================
Timing constraint: Default OFFSET OUT AFTER for Clock 'CLOCK'
  Total number of paths / destination ports: 51 / 21
-------------------------------------------------------------------------
Offset:              5.814ns (Levels of Logic = 3)
  Source:            NUMERATOR2_9 (FF)
  Destination:       NUMERATOR_OUT<9> (PAD)
  Source Clock:      CLOCK rising

  Data Path: NUMERATOR2_9 to NUMERATOR_OUT<9>
                                Gate     Net
    Cell:in->out      fanout   Delay   Delay  Logical Name (Net Name)
    ----------------------------------------  ------------
     FDR:C->Q              1   0.449   0.548  NUMERATOR2_9 (NUMERATOR2_9)
     LUT3:I1->O            1   0.347   0.000  DATA_IN19 (MUX_BLOCK_N19)
     MUXF5:I0->O           1   0.345   0.383  DENOMINATOR_OUT<0>_DENOMINATOR_OUT<0>_rn_8 (NUMERATOR_OUT_9_OBUF)
     OBUF:I->O                 3.743          NUMERATOR_OUT_9_OBUF (NUMERATOR_OUT<9>)
    ----------------------------------------
    Total                      5.814ns (4.884ns logic, 0.930ns route)
                                       (84.0% logic, 16.0% route)

=========================================================================
Timing constraint: Default path analysis
  Total number of paths / destination ports: 224 / 20
-------------------------------------------------------------------------
Delay:               8.733ns (Levels of Logic = 6)
  Source:            DENOMINATOR<0> (PAD)
  Destination:       DENOMINATOR_OUT<9> (PAD)

  Data Path: DENOMINATOR<0> to DENOMINATOR_OUT<9>
                                Gate     Net
    Cell:in->out      fanout   Delay   Delay  Logical Name (Net Name)
    ----------------------------------------  ------------
     IBUF:I->O             2   0.653   0.743  DENOMINATOR_0_IBUF (DENOMINATOR_0_IBUF)
     LUT4:I0->O            1   0.347   0.415  _n001410 (CHOICE6)
     LUT4:I3->O            1   0.347   0.415  _n001416_SW0 (N27)
     LUT4:I3->O           20   0.347   0.994  _n001416 (HALVE_VALUES)
     LUT2:I0->O            1   0.347   0.383  DENOMINATOR_OUT<9>1 (DENOMINATOR_OUT_9_OBUF)
     OBUF:I->O                 3.743          DENOMINATOR_OUT_9_OBUF (DENOMINATOR_OUT<9>)
    ----------------------------------------
    Total                      8.733ns (5.784ns logic, 2.949ns route)
                                       (66.2% logic, 33.8% route)

=========================================================================
CPU : 4.88 / 5.23 s | Elapsed : 5.00 / 6.00 s
 
--> 

Total memory usage is 100604 kilobytes

Number of errors   :    0 (   0 filtered)
Number of warnings :    1 (   0 filtered)
Number of infos    :    0 (   0 filtered)

